{
    "a": "a.97224400.css",
    "c": "c.402c9d84",
    "js": {
        "b": "js/b.69e71580.js"
    }
}