{
  "c": "c",
  "js": {
    "b": "js/b.js"
  },
  "y": "y",
  "z": "z"
}