{
  "a": "a.css",
  "c": "c",
  "b": "js/b.js",
  "y": "y",
  "z": "z"
}