{
    "a": "a.e8dcfa25.css",
    "c": "c.a8e91771",
    "js": {
        "b": "js/b.59efd297.js"
    }
}
