{
    "a": "a.css",
    "js": {
        "b": "js/b.js"
    }
}
